<html>
<body>
<pre>
<h1>µVision Build Log</h1>
<h2>Tool Versions:</h2>
IDE-Version: µVision V5.38.0.0
Copyright (C) 2022 ARM Ltd and ARM Germany GmbH. All rights reserved.
License Information: Ahmed Ramadan, NA, LIC=----
 
Tool Versions:
Toolchain:       MDK-Lite  Version: 5.38.0.0
Toolchain Path:  C:\Keil_v5\ARM\ARMCLANG\Bin
C Compiler:      ArmClang.exe V6.19
Assembler:       Armasm.exe V6.19
Linker/Locator:  ArmLink.exe V6.19
Library Manager: ArmAr.exe V6.19
Hex Converter:   FromElf.exe V6.19
CPU DLL:         SARMCM3.DLL V5.38.0.0
Dialog DLL:      DCM.DLL V1.17.5.0
Target DLL:      UL2CM3.DLL V1.164.8.0
Dialog DLL:      TCM.DLL V1.56.4.0
 
<h2>Project:</h2>
D:\Me\College_Courses\Embedded Systems\IEEE\First_Project\Projects\On-Demand-Traffic-Light-Control\Code-With-Keil\on-demand-traffic-light-system.uvprojx
Project File Date:  09/24/2023

<h2>Output:</h2>
*** Using Compiler 'V6.19', folder: 'C:\Keil_v5\ARM\ARMCLANG\Bin'
Build target 'Target 1'
BUTTON_Program.c(11): warning: In file included from...
./STD_TYPES.h(32): warning: // comments are not allowed in this language [-Wcomment]
#endif // STD_TYPES_H
       ^
./STD_TYPES.h(32): warning: no newline at end of file [-Wnewline-eof]
#endif // STD_TYPES_H
                     ^
BUTTON_Program.c(12): warning: In file included from...
./BIT_MATH.h(15): warning: // comments are not allowed in this language [-Wcomment]
#endif // BIT_MATH_H
       ^
./BIT_MATH.h(15): warning: no newline at end of file [-Wnewline-eof]
#endif // BIT_MATH_H
                    ^
BUTTON_Program.c(15): warning: In file included from...
./GPIO_interface.h(33): warning: // comments are not allowed in this language [-Wcomment]
/** @} */ // End of GPIO_Values group
          ^
./GPIO_interface.h(137): warning: no newline at end of file [-Wnewline-eof]
#endif // GPIO_INTERFACE_H
                          ^
BUTTON_Program.c(17): warning: In file included from...
./STK_interface.h(147): warning: // comments are not allowed in this language [-Wcomment]
#endif // STK_INTERFACE_H
       ^
./STK_interface.h(147): warning: no newline at end of file [-Wnewline-eof]
#endif // STK_INTERFACE_H
                         ^
BUTTON_Program.c(19): warning: In file included from...
./BUTTON_interface.h(81): warning: commas at the end of enumerator lists are a C99-specific feature [-Wc99-extensions]
    PB_PIN15, /**< Pin 15 */ 
            ^
BUTTON_Program.c(33): warning: binary integer literals are a GNU extension [-Wgnu-binary-literal]
                        Copy_ActiveLevel = GPIO_INPUT_PULL_UP_MOD;
                                           ^
./GPIO_interface.h(67): note: expanded from macro 'GPIO_INPUT_PULL_UP_MOD'
#define GPIO_INPUT_PULL_UP_MOD                   0b1000 /**< GPIO Input Pull up Mode */
                                                 ^
BUTTON_Program.c(33): warning: integer constant not in range of enumerated type 'PushButton_State_t' [-Wassign-enum]
./GPIO_interface.h(67): note: expanded from macro 'GPIO_INPUT_PULL_UP_MOD'
#define GPIO_INPUT_PULL_UP_MOD                   0b1000 /**< GPIO Input Pull up Mode */
                                                 ^
BUTTON_Program.c(45): warning: binary integer literals are a GNU extension [-Wgnu-binary-literal]
                        Copy_ActiveLevel = GPIO_INPUT_PULL_DOWN_MOD;
                                           ^
./GPIO_interface.h(66): note: expanded from macro 'GPIO_INPUT_PULL_DOWN_MOD'
#define GPIO_INPUT_PULL_DOWN_MOD                 0b1000 /**< GPIO Input Pull down Mode */
                                                 ^
BUTTON_Program.c(45): warning: integer constant not in range of enumerated type 'PushButton_State_t' [-Wassign-enum]
./GPIO_interface.h(66): note: expanded from macro 'GPIO_INPUT_PULL_DOWN_MOD'
#define GPIO_INPUT_PULL_DOWN_MOD                 0b1000 /**< GPIO Input Pull down Mode */
                                                 ^
BUTTON_Program.c(74): warning: '_Bool' is a C99 extension [-Wc99-extensions]
  bool currentButtonState;
  ^
C:\Keil_v5\ARM\ARMCLANG\Bin\..\include\stdbool.h(15): note: expanded from macro 'bool'
    #define bool _Bool
                 ^
BUTTON_Program.c(75): warning: '_Bool' is a C99 extension [-Wc99-extensions]
  bool lastButtonState;
  ^
C:\Keil_v5\ARM\ARMCLANG\Bin\..\include\stdbool.h(15): note: expanded from macro 'bool'
    #define bool _Bool
                 ^
BUTTON_Program.c(83): warning: variable declaration in for loop is a C99-specific feature [-Wc99-extensions]
  for (u32 i = 0; i < numIterations; i++)
       ^
BUTTON_Program.c(83): warning: GCC does not allow variable declarations in for loop initializers before C99 [-Wgcc-compat]
BUTTON_Program.c(86): warning: incompatible pointer types passing 'bool *' to parameter of type 'u8 *' (aka 'unsigned char *') [-Wincompatible-pointer-types]
    if (MCAL_GPIO_GetPinValue(Copy_ButtonPortId, Copy_ButtonPinId, &currentButtonState) != E_OK)
                                                                   ^~~~~~~~~~~~~~~~~~~
./GPIO_interface.h(133): note: passing argument to parameter 'Copy_PinReturnValue' here
Std_ReturnType MCAL_GPIO_GetPinValue(u8 Copy_PortId, u8 Copy_PinId, u8 *Copy_PinReturnValue);
                                                                        ^
BUTTON_Program.c(91): warning: // comments are not allowed in this language [-Wcomment]
    u32 currentMillis = STK_GetElapsedCounts(); // Get the current time in milliseconds
                                                ^
BUTTON_Program.c(91): warning: mixing declarations and code is a C99 extension [-Wdeclaration-after-statement]
    u32 currentMillis = STK_GetElapsedCounts(); // Get the current time in milliseconds
        ^
BUTTON_Program.c(123): warning: no newline at end of file [-Wnewline-eof]
}
 ^
BUTTON_Program.c(74): warning: mixing declarations and code is a C99 extension [-Wdeclaration-after-statement]
  bool currentButtonState;
       ^
BUTTON_Program.c(94): warning: variable 'lastButtonState' may be uninitialized when used here [-Wconditional-uninitialized]
    if (currentButtonState != lastButtonState)
                              ^~~~~~~~~~~~~~~
BUTTON_Program.c(75): note: initialize the variable 'lastButtonState' to silence this warning
  bool lastButtonState;
                      ^
                       = false
23 warnings generated.
compiling BUTTON_Program.c...
linking...
Program Size: Code=4936 RO-data=268 RW-data=16 ZI-data=1640  
FromELF: creating hex file...
".\Objects\on-demand-traffic-light-system.axf" - 0 Error(s), 23 Warning(s).

<h2>Software Packages used:</h2>

Package Vendor: ARM
                http://www.keil.com/pack/ARM.CMSIS.5.9.0.pack
                ARM.CMSIS.5.9.0
                CMSIS (Common Microcontroller Software Interface Standard)
   * Component: CORE Version: 5.6.0

Package Vendor: Keil
                https://www.keil.com/pack/Keil.STM32F1xx_DFP.2.4.1.pack
                Keil.STM32F1xx_DFP.2.4.1
                STMicroelectronics STM32F1 Series Device Support, Drivers and Examples
   * Component: Startup Version: 1.0.0

<h2>Collection of Component include folders:</h2>
  ./RTE/Device/STM32F103C8
  ./RTE/_Target_1
  C:/Users/yarab/AppData/Local/Arm/Packs/ARM/CMSIS/5.9.0/CMSIS/Core/Include
  C:/Users/yarab/AppData/Local/Arm/Packs/Keil/STM32F1xx_DFP/2.4.1/Device/Include

<h2>Collection of Component Files used:</h2>

   * Component: ARM::CMSIS:CORE:5.6.0

   * Component: Keil::Device:Startup:1.0.0
      Source file:   Device/Source/system_stm32f10x.c
      Include file:  RTE_Driver/Config/RTE_Device.h
      Source file:   Device/Source/ARM/startup_stm32f10x_md.s
      Source file:   Device/Source/ARM/STM32F1xx_OPT.s
Build Time Elapsed:  00:00:01
</pre>
</body>
</html>
